Executing action: all (aliases: build)
Running ninja in directory C:\Users\Scuffy\Dev\OTA_Advanced\advanced_https_ota\build
Executing "ninja all"...
[0/1] Re-running CMake...

-- Minimal build - ON
-- ccache will be used for faster recompilation
-- Building ESP-IDF components for target esp32
NOTICE: Using component placed at C:\Espressif\frameworks\esp-idf-v5.5.1\examples\common_components\protocol_examples_common for dependency "protocol_examples_common", specified in C:\Users\Scuffy\Dev\OTA_Advanced\advanced_https_ota\main\idf_component.yml

NOTICE: Processing 2 dependencies:

NOTICE: [1/2] protocol_examples_common (*) (C:\Espressif\frameworks\esp-idf-v5.5.1\examples\common_components\protocol_examples_common)

NOTICE: [2/2] idf (5.5.1)

-- Project sdkconfig file C:/Users/Scuffy/Dev/OTA_Advanced/advanced_https_ota/sdkconfig
Loading defaults file C:/Users/Scuffy/Dev/OTA_Advanced/advanced_https_ota/sdkconfig.defaults...

-- Compiler supported targets: xtensa-esp-elf
-- USING O3
-- App "advanced_https_ota" version: 1f51824-dirty
-- Adding linker script C:/Users/Scuffy/Dev/OTA_Advanced/advanced_https_ota/build/esp-idf/esp_system/ld/memory.ld
-- Adding linker script C:/Users/Scuffy/Dev/OTA_Advanced/advanced_https_ota/build/esp-idf/esp_system/ld/sections.ld.in
-- Adding linker script C:/Espressif/frameworks/esp-idf-v5.5.1/components/esp_rom/esp32/ld/esp32.rom.ld
-- Adding linker script C:/Espressif/frameworks/esp-idf-v5.5.1/components/esp_rom/esp32/ld/esp32.rom.api.ld
-- Adding linker script C:/Espressif/frameworks/esp-idf-v5.5.1/components/esp_rom/esp32/ld/esp32.rom.libgcc.ld
-- Adding linker script C:/Espressif/frameworks/esp-idf-v5.5.1/components/esp_rom/esp32/ld/esp32.rom.newlib-data.ld
-- Adding linker script C:/Espressif/frameworks/esp-idf-v5.5.1/components/esp_rom/esp32/ld/esp32.rom.syscalls.ld
-- Adding linker script C:/Espressif/frameworks/esp-idf-v5.5.1/components/esp_rom/esp32/ld/esp32.rom.libc-funcs.ld
-- Adding linker script C:/Espressif/frameworks/esp-idf-v5.5.1/components/esp_rom/esp32/ld/esp32.rom.newlib-reent-funcs.ld
-- Adding linker script C:/Espressif/frameworks/esp-idf-v5.5.1/components/soc/esp32/ld/esp32.peripherals.ld
-- Components: app_update bootloader bootloader_support bt console cxx driver efuse esp-tls esp_app_format esp_bootloader_format esp_coex esp_common esp_driver_ana_cmpr esp_driver_bitscrambler esp_driver_dac esp_driver_gpio esp_driver_gptimer esp_driver_i2c esp_driver_i2s esp_driver_ledc esp_driver_mcpwm esp_driver_parlio esp_driver_pcnt esp_driver_rmt esp_driver_sdio esp_driver_sdm esp_driver_sdmmc esp_driver_sdspi esp_driver_spi esp_driver_tsens esp_driver_twai esp_driver_uart esp_driver_usb_serial_jtag esp_eth esp_event esp_gdbstub esp_http_client esp_http_server esp_https_ota esp_hw_support esp_mm esp_netif esp_netif_stack esp_partition esp_phy esp_pm esp_ringbuf esp_rom esp_security esp_system esp_timer esp_vfs_console esp_wifi esptool_py freertos hal heap http_parser ieee802154 json log lwip main mbedtls newlib nvs_flash openthread partition_table protobuf-c protocol_examples_common protocomm pthread sdmmc soc spi_flash tcp_transport vfs wpa_supplicant xtensa
-- Component paths: C:/Espressif/frameworks/esp-idf-v5.5.1/components/app_update C:/Espressif/frameworks/esp-idf-v5.5.1/components/bootloader C:/Espressif/frameworks/esp-idf-v5.5.1/components/bootloader_support C:/Espressif/frameworks/esp-idf-v5.5.1/components/bt C:/Espressif/frameworks/esp-idf-v5.5.1/components/console C:/Espressif/frameworks/esp-idf-v5.5.1/components/cxx C:/Espressif/frameworks/esp-idf-v5.5.1/components/driver C:/Espressif/frameworks/esp-idf-v5.5.1/components/efuse C:/Espressif/frameworks/esp-idf-v5.5.1/components/esp-tls C:/Espressif/frameworks/esp-idf-v5.5.1/components/esp_app_format C:/Espressif/frameworks/esp-idf-v5.5.1/components/esp_bootloader_format C:/Espressif/frameworks/esp-idf-v5.5.1/components/esp_coex C:/Espressif/frameworks/esp-idf-v5.5.1/components/esp_common C:/Espressif/frameworks/esp-idf-v5.5.1/components/esp_driver_ana_cmpr C:/Espressif/frameworks/esp-idf-v5.5.1/components/esp_driver_bitscrambler C:/Espressif/frameworks/esp-idf-v5.5.1/components/esp_driver_dac C:/Espressif/frameworks/esp-idf-v5.5.1/components/esp_driver_gpio C:/Espressif/frameworks/esp-idf-v5.5.1/components/esp_driver_gptimer C:/Espressif/frameworks/esp-idf-v5.5.1/components/esp_driver_i2c C:/Espressif/frameworks/esp-idf-v5.5.1/components/esp_driver_i2s C:/Espressif/frameworks/esp-idf-v5.5.1/components/esp_driver_ledc C:/Espressif/frameworks/esp-idf-v5.5.1/components/esp_driver_mcpwm C:/Espressif/frameworks/esp-idf-v5.5.1/components/esp_driver_parlio C:/Espressif/frameworks/esp-idf-v5.5.1/components/esp_driver_pcnt C:/Espressif/frameworks/esp-idf-v5.5.1/components/esp_driver_rmt C:/Espressif/frameworks/esp-idf-v5.5.1/components/esp_driver_sdio C:/Espressif/frameworks/esp-idf-v5.5.1/components/esp_driver_sdm C:/Espressif/frameworks/esp-idf-v5.5.1/components/esp_driver_sdmmc C:/Espressif/frameworks/esp-idf-v5.5.1/components/esp_driver_sdspi C:/Espressif/frameworks/esp-idf-v5.5.1/components/esp_driver_spi C:/Espressif/frameworks/esp-idf-v5.5.1/components/esp_driver_tsens C:/Espressif/frameworks/esp-idf-v5.5.1/components/esp_driver_twai C:/Espressif/frameworks/esp-idf-v5.5.1/components/esp_driver_uart C:/Espressif/frameworks/esp-idf-v5.5.1/components/esp_driver_usb_serial_jtag C:/Espressif/frameworks/esp-idf-v5.5.1/components/esp_eth C:/Espressif/frameworks/esp-idf-v5.5.1/components/esp_event C:/Espressif/frameworks/esp-idf-v5.5.1/components/esp_gdbstub C:/Espressif/frameworks/esp-idf-v5.5.1/components/esp_http_client C:/Espressif/frameworks/esp-idf-v5.5.1/components/esp_http_server C:/Espressif/frameworks/esp-idf-v5.5.1/components/esp_https_ota C:/Espressif/frameworks/esp-idf-v5.5.1/components/esp_hw_support C:/Espressif/frameworks/esp-idf-v5.5.1/components/esp_mm C:/Espressif/frameworks/esp-idf-v5.5.1/components/esp_netif C:/Espressif/frameworks/esp-idf-v5.5.1/components/esp_netif_stack C:/Espressif/frameworks/esp-idf-v5.5.1/components/esp_partition C:/Espressif/frameworks/esp-idf-v5.5.1/components/esp_phy C:/Espressif/frameworks/esp-idf-v5.5.1/components/esp_pm C:/Espressif/frameworks/esp-idf-v5.5.1/components/esp_ringbuf C:/Espressif/frameworks/esp-idf-v5.5.1/components/esp_rom C:/Espressif/frameworks/esp-idf-v5.5.1/components/esp_security C:/Espressif/frameworks/esp-idf-v5.5.1/components/esp_system C:/Espressif/frameworks/esp-idf-v5.5.1/components/esp_timer C:/Espressif/frameworks/esp-idf-v5.5.1/components/esp_vfs_console C:/Espressif/frameworks/esp-idf-v5.5.1/components/esp_wifi C:/Espressif/frameworks/esp-idf-v5.5.1/components/esptool_py C:/Espressif/frameworks/esp-idf-v5.5.1/components/freertos C:/Espressif/frameworks/esp-idf-v5.5.1/components/hal C:/Espressif/frameworks/esp-idf-v5.5.1/components/heap C:/Espressif/frameworks/esp-idf-v5.5.1/components/http_parser C:/Espressif/frameworks/esp-idf-v5.5.1/components/ieee802154 C:/Espressif/frameworks/esp-idf-v5.5.1/components/json C:/Espressif/frameworks/esp-idf-v5.5.1/components/log C:/Espressif/frameworks/esp-idf-v5.5.1/components/lwip C:/Users/Scuffy/Dev/OTA_Advanced/advanced_https_ota/main C:/Espressif/frameworks/esp-idf-v5.5.1/components/mbedtls C:/Espressif/frameworks/esp-idf-v5.5.1/components/newlib C:/Espressif/frameworks/esp-idf-v5.5.1/components/nvs_flash C:/Espressif/frameworks/esp-idf-v5.5.1/components/openthread C:/Espressif/frameworks/esp-idf-v5.5.1/components/partition_table C:/Espressif/frameworks/esp-idf-v5.5.1/components/protobuf-c C:/Espressif/frameworks/esp-idf-v5.5.1/examples/common_components/protocol_examples_common C:/Espressif/frameworks/esp-idf-v5.5.1/components/protocomm C:/Espressif/frameworks/esp-idf-v5.5.1/components/pthread C:/Espressif/frameworks/esp-idf-v5.5.1/components/sdmmc C:/Espressif/frameworks/esp-idf-v5.5.1/components/soc C:/Espressif/frameworks/esp-idf-v5.5.1/components/spi_flash C:/Espressif/frameworks/esp-idf-v5.5.1/components/tcp_transport C:/Espressif/frameworks/esp-idf-v5.5.1/components/vfs C:/Espressif/frameworks/esp-idf-v5.5.1/components/wpa_supplicant C:/Espressif/frameworks/esp-idf-v5.5.1/components/xtensa
-- Configuring done (16.5s)
-- Generating done (1.7s)
-- Build files have been written to: C:/Users/Scuffy/Dev/OTA_Advanced/advanced_https_ota/build
[1/12] Building C object esp-idf/main/CMakeFiles/__idf_main.dir/advanced_https_ota_example.c.obj

C:/Users/Scuffy/Dev/OTA_Advanced/advanced_https_ota/main/advanced_https_ota_example.c:212:18: warning: '_http_client_init_cb' defined but not used [-Wunused-function]
  212 | static esp_err_t _http_client_init_cb(esp_http_client_handle_t http_client)
      |                  ^~~~~~~~~~~~~~~~~~~~
C:/Users/Scuffy/Dev/OTA_Advanced/advanced_https_ota/main/advanced_https_ota_example.c:177:18: warning: 'validate_image_header' defined but not used [-Wunused-function]
  177 | static esp_err_t validate_image_header(esp_app_desc_t *new_app_info)

      |                  ^~~~~~~~~~~~~~~~~~~~~

[2/12] Linking C static library esp-idf\main\libmain.a

[3/12] Performing configure step for 'bootloader'

-- Minimal build - OFF
-- Building ESP-IDF components for target esp32
-- Project sdkconfig file C:/Users/Scuffy/Dev/OTA_Advanced/advanced_https_ota/sdkconfig
-- Compiler supported targets: xtensa-esp-elf
-- Adding linker script C:/Espressif/frameworks/esp-idf-v5.5.1/components/soc/esp32/ld/esp32.peripherals.ld
-- Bootloader project name: "bootloader" version: 1
-- Adding linker script C:/Espressif/frameworks/esp-idf-v5.5.1/components/esp_rom/esp32/ld/esp32.rom.ld
-- Adding linker script C:/Espressif/frameworks/esp-idf-v5.5.1/components/esp_rom/esp32/ld/esp32.rom.api.ld
-- Adding linker script C:/Espressif/frameworks/esp-idf-v5.5.1/components/esp_rom/esp32/ld/esp32.rom.libgcc.ld
-- Adding linker script C:/Espressif/frameworks/esp-idf-v5.5.1/components/esp_rom/esp32/ld/esp32.rom.libc-funcs.ld
-- Adding linker script C:/Espressif/frameworks/esp-idf-v5.5.1/components/bootloader/subproject/main/ld/esp32/bootloader.ld
-- Adding linker script C:/Espressif/frameworks/esp-idf-v5.5.1/components/bootloader/subproject/main/ld/esp32/bootloader.rom.ld
-- Components: bootloader bootloader_support efuse esp_app_format esp_bootloader_format esp_common esp_hw_support esp_rom esp_security esp_system esptool_py freertos hal log main micro-ecc newlib partition_table soc spi_flash xtensa
-- Component paths: C:/Espressif/frameworks/esp-idf-v5.5.1/components/bootloader C:/Espressif/frameworks/esp-idf-v5.5.1/components/bootloader_support C:/Espressif/frameworks/esp-idf-v5.5.1/components/efuse C:/Espressif/frameworks/esp-idf-v5.5.1/components/esp_app_format C:/Espressif/frameworks/esp-idf-v5.5.1/components/esp_bootloader_format C:/Espressif/frameworks/esp-idf-v5.5.1/components/esp_common C:/Espressif/frameworks/esp-idf-v5.5.1/components/esp_hw_support C:/Espressif/frameworks/esp-idf-v5.5.1/components/esp_rom C:/Espressif/frameworks/esp-idf-v5.5.1/components/esp_security C:/Espressif/frameworks/esp-idf-v5.5.1/components/esp_system C:/Espressif/frameworks/esp-idf-v5.5.1/components/esptool_py C:/Espressif/frameworks/esp-idf-v5.5.1/components/freertos C:/Espressif/frameworks/esp-idf-v5.5.1/components/hal C:/Espressif/frameworks/esp-idf-v5.5.1/components/log C:/Espressif/frameworks/esp-idf-v5.5.1/components/bootloader/subproject/main C:/Espressif/frameworks/esp-idf-v5.5.1/components/bootloader/subproject/components/micro-ecc C:/Espressif/frameworks/esp-idf-v5.5.1/components/newlib C:/Espressif/frameworks/esp-idf-v5.5.1/components/partition_table C:/Espressif/frameworks/esp-idf-v5.5.1/components/soc C:/Espressif/frameworks/esp-idf-v5.5.1/components/spi_flash C:/Espressif/frameworks/esp-idf-v5.5.1/components/xtensa

-- Configuring done (16.9s)

-- Generating done (0.5s)

-- Build files have been written to: C:/Users/Scuffy/Dev/OTA_Advanced/advanced_https_ota/build/bootloader

[4/12] Performing build step for 'bootloader'

[1/3] Linking C executable bootloader.elf

[2/3] Generating binary image from built executable

esptool.py v4.10.0


Creating esp32 image...


Merged 2 ELF sections


Successfully created esp32 image.


Generated C:/Users/Scuffy/Dev/OTA_Advanced/advanced_https_ota/build/bootloader/bootloader.bin

[3/3] C:\Windows\system32\cmd.exe /C "cd /D C:\Users\Scuffy\Dev\OTA_Advanced\advanced_https_ota\build\bootloader\esp-idf\esptool_py && C:\Espressif\python_env\idf5.5_py3.12_env\Scripts\python.exe C:/Espressif/frameworks/esp-idf-v5.5.1/components/partition_table/check_sizes.py --offset 0x8000 bootloader 0x1000 C:/Users/Scuffy/Dev/OTA_Advanced/advanced_https_ota/build/bootloader/bootloader.bin"


Bootloader binary size 0x6680 bytes. 0x980 bytes (8%) free.



[5/12] No install step for 'bootloader'

[6/12] Completed 'bootloader'

[7/12] Generating esp-idf/esp_system/ld/sections.ld

[8/12] Building C object CMakeFiles/advanced_https_ota.elf.dir/project_elf_src_esp32.c.obj

[9/12] Linking CXX executable advanced_https_ota.elf

[10/12] Generating binary image from built executable

esptool.py v4.10.0


Creating esp32 image...


Merged 2 ELF sections


Successfully created esp32 image.


Generated C:/Users/Scuffy/Dev/OTA_Advanced/advanced_https_ota/build/advanced_https_ota.bin

[11/12] C:\Windows\system32\cmd.exe /C "cd /D C:\Users\Scuffy\Dev\OTA_Advanced\advanced_https_ota\build\esp-idf\esptool_py && C:\Espressif\python_env\idf5.5_py3.12_env\Scripts\python.exe C:/Espressif/frameworks/esp-idf-v5.5.1/components/partition_table/check_sizes.py --offset 0x8000 partition --type app C:/Users/Scuffy/Dev/OTA_Advanced/advanced_https_ota/build/partition_table/partition-table.bin C:/Users/Scuffy/Dev/OTA_Advanced/advanced_https_ota/build/advanced_https_ota.bin"

advanced_https_ota.bin binary size 0xe22b0 bytes. Smallest app partition is 0x1a9000 bytes. 0xc6d50 bytes (47%) free.




Project build complete. To flash, run:
 idf.py flash
or
 idf.py -p PORT flash
or
 python -m esptool --chip esp32 -b 460800 --before default_reset --after hard_reset write_flash --flash_mode dio --flash_size 4MB --flash_freq 40m 0x1000 build\bootloader\bootloader.bin 0x8000 build\partition_table\partition-table.bin 0xf000 build\ota_data_initial.bin 0x20000 build\advanced_https_ota.bin
or from the "C:\Users\Scuffy\Dev\OTA_Advanced\advanced_https_ota\build" directory
 python -m esptool --chip esp32 -b 460800 --before default_reset --after hard_reset write_flash "@flash_args"
